// Jest Snapshot v1, https://goo.gl/fbAQLP

exports[`parses an env config object 1`] = `
{
  "GC_ADVANCED_FILTERS": false,
  "GC_CUSTOMER_REQUIRE_EMAIL_CONFIRMATION": false,
  "GC_DEMO_MODE": true,
  "GC_I18N": [
    {
      "defaultLocale": true,
      "hygraphLocales": [
        "en",
      ],
      "locale": "en",
      "magentoStoreCode": "en_us",
    },
  ],
  "GC_I18N_0_DEFAULT_LOCALE": true,
  "GC_I18N_0_HYGRAPH_LOCALES_0": "en",
  "GC_I18N_0_LOCALE": "en",
  "GC_I18N_0_MAGENTO_STORE_CODE": "en_us",
  "GC_I18N_1_HYGRAPH_LOCALES_0": "de",
  "GC_I18N_1_LOCALE": "de",
  "GC_I18N_1_MAGENTO_STORE_CODE": "de_de",
  "GC_SINGLE_PRODUCT_ROUTE": true,
}
`;

exports[`traverses a schema and returns a list of env variables that match 1`] = `
[
  "GC_ADVANCED_FILTERS",
  "GC_CUSTOMER_REQUIRE_EMAIL_CONFIRMATION",
  "GC_DEMO_MODE",
  "GC_GOOGLE_ANALYTICS_KEY",
  "GC_GOOGLE_RECAPTCHA_KEY",
  "GC_GOOGLE_TAGMANAGER_KEY",
  "GC_I18N",
  "GC_I18N_0",
  "GC_I18N_0_DEFAULT_LOCALE",
  "GC_I18N_0_DOMAIN",
  "GC_I18N_0_GOOGLE_ANALYTICS_ENABLED",
  "GC_I18N_0_GOOGLE_ANALYTICS_KEY",
  "GC_I18N_0_GOOGLE_RECAPTCHA_KEY",
  "GC_I18N_0_GOOGLE_TAGMANAGER_KEY",
  "GC_I18N_0_HYGRAPH_LOCALES",
  "GC_I18N_0_HYGRAPH_LOCALES_0",
  "GC_I18N_0_HYGRAPH_LOCALES_1",
  "GC_I18N_0_HYGRAPH_LOCALES_2",
  "GC_I18N_0_HYGRAPH_LOCALES_3",
  "GC_I18N_0_HYGRAPH_LOCALES_4",
  "GC_I18N_0_HYGRAPH_LOCALES_5",
  "GC_I18N_0_HYGRAPH_LOCALES_6",
  "GC_I18N_0_HYGRAPH_LOCALES_7",
  "GC_I18N_0_HYGRAPH_LOCALES_8",
  "GC_I18N_0_HYGRAPH_LOCALES_9",
  "GC_I18N_0_LOCALE",
  "GC_I18N_0_MAGENTO_STORE_CODE",
  "GC_I18N_1",
  "GC_I18N_1_DEFAULT_LOCALE",
  "GC_I18N_1_DOMAIN",
  "GC_I18N_1_GOOGLE_ANALYTICS_ENABLED",
  "GC_I18N_1_GOOGLE_ANALYTICS_KEY",
  "GC_I18N_1_GOOGLE_RECAPTCHA_KEY",
  "GC_I18N_1_GOOGLE_TAGMANAGER_KEY",
  "GC_I18N_1_HYGRAPH_LOCALES",
  "GC_I18N_1_HYGRAPH_LOCALES_0",
  "GC_I18N_1_HYGRAPH_LOCALES_1",
  "GC_I18N_1_HYGRAPH_LOCALES_2",
  "GC_I18N_1_HYGRAPH_LOCALES_3",
  "GC_I18N_1_HYGRAPH_LOCALES_4",
  "GC_I18N_1_HYGRAPH_LOCALES_5",
  "GC_I18N_1_HYGRAPH_LOCALES_6",
  "GC_I18N_1_HYGRAPH_LOCALES_7",
  "GC_I18N_1_HYGRAPH_LOCALES_8",
  "GC_I18N_1_HYGRAPH_LOCALES_9",
  "GC_I18N_1_LOCALE",
  "GC_I18N_1_MAGENTO_STORE_CODE",
  "GC_I18N_2",
  "GC_I18N_2_DEFAULT_LOCALE",
  "GC_I18N_2_DOMAIN",
  "GC_I18N_2_GOOGLE_ANALYTICS_ENABLED",
  "GC_I18N_2_GOOGLE_ANALYTICS_KEY",
  "GC_I18N_2_GOOGLE_RECAPTCHA_KEY",
  "GC_I18N_2_GOOGLE_TAGMANAGER_KEY",
  "GC_I18N_2_HYGRAPH_LOCALES",
  "GC_I18N_2_HYGRAPH_LOCALES_0",
  "GC_I18N_2_HYGRAPH_LOCALES_1",
  "GC_I18N_2_HYGRAPH_LOCALES_2",
  "GC_I18N_2_HYGRAPH_LOCALES_3",
  "GC_I18N_2_HYGRAPH_LOCALES_4",
  "GC_I18N_2_HYGRAPH_LOCALES_5",
  "GC_I18N_2_HYGRAPH_LOCALES_6",
  "GC_I18N_2_HYGRAPH_LOCALES_7",
  "GC_I18N_2_HYGRAPH_LOCALES_8",
  "GC_I18N_2_HYGRAPH_LOCALES_9",
  "GC_I18N_2_LOCALE",
  "GC_I18N_2_MAGENTO_STORE_CODE",
  "GC_I18N_3",
  "GC_I18N_3_DEFAULT_LOCALE",
  "GC_I18N_3_DOMAIN",
  "GC_I18N_3_GOOGLE_ANALYTICS_ENABLED",
  "GC_I18N_3_GOOGLE_ANALYTICS_KEY",
  "GC_I18N_3_GOOGLE_RECAPTCHA_KEY",
  "GC_I18N_3_GOOGLE_TAGMANAGER_KEY",
  "GC_I18N_3_HYGRAPH_LOCALES",
  "GC_I18N_3_HYGRAPH_LOCALES_0",
  "GC_I18N_3_HYGRAPH_LOCALES_1",
  "GC_I18N_3_HYGRAPH_LOCALES_2",
  "GC_I18N_3_HYGRAPH_LOCALES_3",
  "GC_I18N_3_HYGRAPH_LOCALES_4",
  "GC_I18N_3_HYGRAPH_LOCALES_5",
  "GC_I18N_3_HYGRAPH_LOCALES_6",
  "GC_I18N_3_HYGRAPH_LOCALES_7",
  "GC_I18N_3_HYGRAPH_LOCALES_8",
  "GC_I18N_3_HYGRAPH_LOCALES_9",
  "GC_I18N_3_LOCALE",
  "GC_I18N_3_MAGENTO_STORE_CODE",
  "GC_I18N_4",
  "GC_I18N_4_DEFAULT_LOCALE",
  "GC_I18N_4_DOMAIN",
  "GC_I18N_4_GOOGLE_ANALYTICS_ENABLED",
  "GC_I18N_4_GOOGLE_ANALYTICS_KEY",
  "GC_I18N_4_GOOGLE_RECAPTCHA_KEY",
  "GC_I18N_4_GOOGLE_TAGMANAGER_KEY",
  "GC_I18N_4_HYGRAPH_LOCALES",
  "GC_I18N_4_HYGRAPH_LOCALES_0",
  "GC_I18N_4_HYGRAPH_LOCALES_1",
  "GC_I18N_4_HYGRAPH_LOCALES_2",
  "GC_I18N_4_HYGRAPH_LOCALES_3",
  "GC_I18N_4_HYGRAPH_LOCALES_4",
  "GC_I18N_4_HYGRAPH_LOCALES_5",
  "GC_I18N_4_HYGRAPH_LOCALES_6",
  "GC_I18N_4_HYGRAPH_LOCALES_7",
  "GC_I18N_4_HYGRAPH_LOCALES_8",
  "GC_I18N_4_HYGRAPH_LOCALES_9",
  "GC_I18N_4_LOCALE",
  "GC_I18N_4_MAGENTO_STORE_CODE",
  "GC_I18N_5",
  "GC_I18N_5_DEFAULT_LOCALE",
  "GC_I18N_5_DOMAIN",
  "GC_I18N_5_GOOGLE_ANALYTICS_ENABLED",
  "GC_I18N_5_GOOGLE_ANALYTICS_KEY",
  "GC_I18N_5_GOOGLE_RECAPTCHA_KEY",
  "GC_I18N_5_GOOGLE_TAGMANAGER_KEY",
  "GC_I18N_5_HYGRAPH_LOCALES",
  "GC_I18N_5_HYGRAPH_LOCALES_0",
  "GC_I18N_5_HYGRAPH_LOCALES_1",
  "GC_I18N_5_HYGRAPH_LOCALES_2",
  "GC_I18N_5_HYGRAPH_LOCALES_3",
  "GC_I18N_5_HYGRAPH_LOCALES_4",
  "GC_I18N_5_HYGRAPH_LOCALES_5",
  "GC_I18N_5_HYGRAPH_LOCALES_6",
  "GC_I18N_5_HYGRAPH_LOCALES_7",
  "GC_I18N_5_HYGRAPH_LOCALES_8",
  "GC_I18N_5_HYGRAPH_LOCALES_9",
  "GC_I18N_5_LOCALE",
  "GC_I18N_5_MAGENTO_STORE_CODE",
  "GC_I18N_6",
  "GC_I18N_6_DEFAULT_LOCALE",
  "GC_I18N_6_DOMAIN",
  "GC_I18N_6_GOOGLE_ANALYTICS_ENABLED",
  "GC_I18N_6_GOOGLE_ANALYTICS_KEY",
  "GC_I18N_6_GOOGLE_RECAPTCHA_KEY",
  "GC_I18N_6_GOOGLE_TAGMANAGER_KEY",
  "GC_I18N_6_HYGRAPH_LOCALES",
  "GC_I18N_6_HYGRAPH_LOCALES_0",
  "GC_I18N_6_HYGRAPH_LOCALES_1",
  "GC_I18N_6_HYGRAPH_LOCALES_2",
  "GC_I18N_6_HYGRAPH_LOCALES_3",
  "GC_I18N_6_HYGRAPH_LOCALES_4",
  "GC_I18N_6_HYGRAPH_LOCALES_5",
  "GC_I18N_6_HYGRAPH_LOCALES_6",
  "GC_I18N_6_HYGRAPH_LOCALES_7",
  "GC_I18N_6_HYGRAPH_LOCALES_8",
  "GC_I18N_6_HYGRAPH_LOCALES_9",
  "GC_I18N_6_LOCALE",
  "GC_I18N_6_MAGENTO_STORE_CODE",
  "GC_I18N_7",
  "GC_I18N_7_DEFAULT_LOCALE",
  "GC_I18N_7_DOMAIN",
  "GC_I18N_7_GOOGLE_ANALYTICS_ENABLED",
  "GC_I18N_7_GOOGLE_ANALYTICS_KEY",
  "GC_I18N_7_GOOGLE_RECAPTCHA_KEY",
  "GC_I18N_7_GOOGLE_TAGMANAGER_KEY",
  "GC_I18N_7_HYGRAPH_LOCALES",
  "GC_I18N_7_HYGRAPH_LOCALES_0",
  "GC_I18N_7_HYGRAPH_LOCALES_1",
  "GC_I18N_7_HYGRAPH_LOCALES_2",
  "GC_I18N_7_HYGRAPH_LOCALES_3",
  "GC_I18N_7_HYGRAPH_LOCALES_4",
  "GC_I18N_7_HYGRAPH_LOCALES_5",
  "GC_I18N_7_HYGRAPH_LOCALES_6",
  "GC_I18N_7_HYGRAPH_LOCALES_7",
  "GC_I18N_7_HYGRAPH_LOCALES_8",
  "GC_I18N_7_HYGRAPH_LOCALES_9",
  "GC_I18N_7_LOCALE",
  "GC_I18N_7_MAGENTO_STORE_CODE",
  "GC_I18N_8",
  "GC_I18N_8_DEFAULT_LOCALE",
  "GC_I18N_8_DOMAIN",
  "GC_I18N_8_GOOGLE_ANALYTICS_ENABLED",
  "GC_I18N_8_GOOGLE_ANALYTICS_KEY",
  "GC_I18N_8_GOOGLE_RECAPTCHA_KEY",
  "GC_I18N_8_GOOGLE_TAGMANAGER_KEY",
  "GC_I18N_8_HYGRAPH_LOCALES",
  "GC_I18N_8_HYGRAPH_LOCALES_0",
  "GC_I18N_8_HYGRAPH_LOCALES_1",
  "GC_I18N_8_HYGRAPH_LOCALES_2",
  "GC_I18N_8_HYGRAPH_LOCALES_3",
  "GC_I18N_8_HYGRAPH_LOCALES_4",
  "GC_I18N_8_HYGRAPH_LOCALES_5",
  "GC_I18N_8_HYGRAPH_LOCALES_6",
  "GC_I18N_8_HYGRAPH_LOCALES_7",
  "GC_I18N_8_HYGRAPH_LOCALES_8",
  "GC_I18N_8_HYGRAPH_LOCALES_9",
  "GC_I18N_8_LOCALE",
  "GC_I18N_8_MAGENTO_STORE_CODE",
  "GC_I18N_9",
  "GC_I18N_9_DEFAULT_LOCALE",
  "GC_I18N_9_DOMAIN",
  "GC_I18N_9_GOOGLE_ANALYTICS_ENABLED",
  "GC_I18N_9_GOOGLE_ANALYTICS_KEY",
  "GC_I18N_9_GOOGLE_RECAPTCHA_KEY",
  "GC_I18N_9_GOOGLE_TAGMANAGER_KEY",
  "GC_I18N_9_HYGRAPH_LOCALES",
  "GC_I18N_9_HYGRAPH_LOCALES_0",
  "GC_I18N_9_HYGRAPH_LOCALES_1",
  "GC_I18N_9_HYGRAPH_LOCALES_2",
  "GC_I18N_9_HYGRAPH_LOCALES_3",
  "GC_I18N_9_HYGRAPH_LOCALES_4",
  "GC_I18N_9_HYGRAPH_LOCALES_5",
  "GC_I18N_9_HYGRAPH_LOCALES_6",
  "GC_I18N_9_HYGRAPH_LOCALES_7",
  "GC_I18N_9_HYGRAPH_LOCALES_8",
  "GC_I18N_9_HYGRAPH_LOCALES_9",
  "GC_I18N_9_LOCALE",
  "GC_I18N_9_MAGENTO_STORE_CODE",
  "GC_SINGLE_PRODUCT_ROUTE",
]
`;
